x = [5](0,1,2,3,4)
U(x) = x = [5](0,1,2,3,4)
V(x) = 2 = [5](2,2,2,2,2)
U(x) * V(x) = 2x = [5](0,2,4,6,8)
[5](2,0,0,0,0)
[5](0,2,0,0,0)
[5](0,0,2,0,0)
[5](0,0,0,2,0)
[5](0,0,0,0,2)
[5,5]((2,0,0,0,0), (0,2,0,0,0), (0,0,2,0,0), (0,0,0,2,0), (0,0,0,0,2))

x = [5](0,1,2,3,4)
U(x) = 2x = [5](0,2,4,6,8)
V(x) = 2x = [5](0,2,4,6,8)
U(x) * V(x) = 4xÂ² = [5](0,4,16,36,64)
[5](0,0,0,0,0)
[5](0,8,0,0,0)
[5](0,0,16,0,0)
[5](0,0,0,24,0)
[5](0,0,0,0,32)
[5,5]((0,0,0,0,0), (0,8,0,0,0), (0,0,16,0,0), (0,0,0,24,0), (0,0,0,0,32))
