Empty vector
1
(42, foo)
{}
{bar: 1337, foo: 42}
[10](1,0.1,0.01,0.001,0.0001,1e-05,1e-06,1e-07,1e-08,1e-09)
[10](1,0.1,0.01,0.001,0.0001,1e-05,1e-06,1e-07,1e-08,0)
[4,4]((1,0.1,0.01,0.001), (0.0001,1e-05,1e-06,1e-07), (1e-08,1e-09,1e-10,1e-11), (1e-12,1e-13,1e-14,1e-15))
[4,4]((1,0.1,0.01,0.001), (0.0001,1e-05,1e-06,1e-07), (1e-08,0,0,0), (0,0,0,0))
